<?xml version="1.0" encoding="UTF-8"?><urlset xmlns="http://www.sitemaps.org/schemas/sitemap/0.9" xmlns:news="http://www.google.com/schemas/sitemap-news/0.9" xmlns:xhtml="http://www.w3.org/1999/xhtml" xmlns:mobile="http://www.google.com/schemas/sitemap-mobile/1.0" xmlns:image="http://www.google.com/schemas/sitemap-image/1.1" xmlns:video="http://www.google.com/schemas/sitemap-video/1.1"><url><loc>http://www.website.com/index.html</loc><lastmod>2014-12-01</lastmod><changefreq>always</changefreq><priority>1.0</priority><image:image><image:loc>http://test.com/img1.jpg</image:loc><image:caption><![CDATA[An image]]></image:caption><image:geo_location>London, United Kingdom</image:geo_location><image:title><![CDATA[The Title of Image One]]></image:title><image:license>https://creativecommons.org/licenses/by/4.0/</image:license></image:image><image:image><image:loc>http://test.com/img2.jpg</image:loc><image:caption><![CDATA[Another image]]></image:caption><image:geo_location>London, United Kingdom</image:geo_location><image:title><![CDATA[The Title of Image Two]]></image:title><image:license>https://creativecommons.org/licenses/by/4.0/</image:license></image:image><video:video><video:thumbnail_loc>http://test.com/tmbn1.jpg</video:thumbnail_loc><video:title><![CDATA[A video title]]></video:title><video:description><![CDATA[This is a video]]></video:description></video:video></url></urlset>